{"index": 0, "output": "FALSE"}
{"index": 1, "output": "FALSE"}
{"index": 2, "output": "FALSE"}
{"index": 3, "output": "FALSE"}
{"index": 4, "output": "FALSE"}
{"index": 5, "output": "FALSE"}
{"index": 6, "output": "FALSE"}
{"index": 7, "output": "TRUE"}
{"index": 8, "output": "FALSE"}
{"index": 9, "output": "FALSE"}
{"index": 10, "output": "FALSE"}
{"index": 11, "output": "FALSE"}
{"index": 12, "output": "FALSE"}
{"index": 13, "output": "FALSE"}
{"index": 14, "output": "FALSE"}
{"index": 15, "output": "TRUE"}
{"index": 16, "output": "FALSE"}
{"index": 17, "output": "FALSE"}
{"index": 18, "output": "FALSE"}
{"index": 19, "output": "FALSE"}
{"index": 20, "output": "TRUE"}
{"index": 21, "output": "FALSE"}
{"index": 22, "output": "FALSE"}
{"index": 23, "output": "FALSE"}
{"index": 24, "output": "FALSE"}
{"index": 25, "output": "FALSE"}
{"index": 26, "output": "FALSE"}
{"index": 27, "output": "FALSE"}
{"index": 28, "output": "TRUE"}
{"index": 29, "output": "TRUE"}
{"index": 30, "output": "FALSE"}
{"index": 31, "output": "FALSE"}
{"index": 32, "output": "FALSE"}
{"index": 33, "output": "FALSE"}
{"index": 34, "output": "TRUE"}
{"index": 35, "output": "TRUE"}
{"index": 36, "output": "TRUE"}
{"index": 37, "output": "FALSE"}
{"index": 38, "output": "FALSE"}
{"index": 39, "output": "TRUE"}
{"index": 40, "output": "TRUE"}
{"index": 41, "output": "FALSE"}
{"index": 42, "output": "TRUE"}
{"index": 43, "output": "FALSE"}
{"index": 44, "output": "FALSE"}
{"index": 45, "output": "FALSE"}
{"index": 46, "output": "FALSE"}
{"index": 47, "output": "TRUE"}
{"index": 48, "output": "FALSE"}
{"index": 49, "output": "FALSE"}
{"index": 50, "output": "FALSE"}
{"index": 51, "output": "TRUE"}
{"index": 52, "output": "FALSE"}
{"index": 53, "output": "TRUE"}
{"index": 54, "output": "FALSE"}
{"index": 55, "output": "FALSE"}
{"index": 56, "output": "FALSE"}
{"index": 57, "output": "FALSE"}
{"index": 58, "output": "TRUE"}
{"index": 59, "output": "FALSE"}
{"index": 60, "output": "TRUE"}
{"index": 61, "output": "FALSE"}
{"index": 62, "output": "FALSE"}
{"index": 63, "output": "FALSE"}
{"index": 64, "output": "FALSE"}
{"index": 65, "output": "FALSE"}
{"index": 66, "output": "TRUE"}
{"index": 67, "output": "FALSE"}
{"index": 68, "output": "FALSE"}
{"index": 69, "output": "FALSE"}
{"index": 70, "output": "FALSE"}
{"index": 71, "output": "FALSE"}
{"index": 72, "output": "TRUE"}
{"index": 73, "output": "FALSE"}
{"index": 74, "output": "FALSE"}
{"index": 75, "output": "TRUE"}
{"index": 76, "output": "FALSE"}
{"index": 77, "output": "FALSE"}
{"index": 78, "output": "FALSE"}
{"index": 79, "output": "TRUE"}
{"index": 80, "output": "FALSE"}
{"index": 81, "output": "FALSE"}
{"index": 82, "output": "TRUE"}
{"index": 83, "output": "TRUE"}
{"index": 84, "output": "FALSE"}
{"index": 85, "output": "FALSE"}
{"index": 86, "output": "FALSE"}
{"index": 87, "output": "TRUE"}
{"index": 88, "output": "FALSE"}
{"index": 89, "output": "FALSE"}
{"index": 90, "output": "TRUE"}
{"index": 91, "output": "FALSE"}
{"index": 92, "output": "FALSE"}
{"index": 93, "output": "FALSE"}
{"index": 94, "output": "FALSE"}
{"index": 95, "output": "FALSE"}
{"index": 96, "output": "FALSE"}
{"index": 97, "output": "FALSE"}