{"idx": "0", "output": "TRUE"}
{"idx": "1", "output": "FALSE"}
{"idx": "2", "output": "FALSE"}
{"idx": "3", "output": "FALSE"}
{"idx": "4", "output": "FALSE"}
{"idx": "5", "output": "FALSE"}
{"idx": "6", "output": "FALSE"}
{"idx": "7", "output": "TRUE"}
{"idx": "8", "output": "FALSE"}
{"idx": "9", "output": "FALSE"}
{"idx": "10", "output": "TRUE"}
{"idx": "11", "output": "FALSE"}
{"idx": "12", "output": "FALSE"}
{"idx": "13", "output": "FALSE"}
{"idx": "14", "output": "FALSE"}
{"idx": "15", "output": "TRUE"}
{"idx": "16", "output": "FALSE"}
{"idx": "17", "output": "FALSE"}
{"idx": "18", "output": "FALSE"}
{"idx": "19", "output": "TRUE"}
{"idx": "20", "output": "TRUE"}
{"idx": "21", "output": "FALSE"}
{"idx": "22", "output": "FALSE"}
{"idx": "23", "output": "FALSE"}
{"idx": "24", "output": "TRUE"}
{"idx": "25", "output": "TRUE"}
{"idx": "26", "output": "TRUE"}
{"idx": "27", "output": "FALSE"}
{"idx": "28", "output": "TRUE"}
{"idx": "29", "output": "TRUE"}
{"idx": "30", "output": "FALSE"}
{"idx": "31", "output": "FALSE"}
{"idx": "32", "output": "TRUE"}
{"idx": "33", "output": "FALSE"}
{"idx": "34", "output": "TRUE"}
{"idx": "35", "output": "TRUE"}
{"idx": "36", "output": "TRUE"}
{"idx": "37", "output": "FALSE"}
{"idx": "38", "output": "FALSE"}
{"idx": "39", "output": "TRUE"}
{"idx": "40", "output": "FALSE"}
{"idx": "41", "output": "FALSE"}
{"idx": "42", "output": "TRUE"}
{"idx": "43", "output": "FALSE"}
{"idx": "44", "output": "FALSE"}
{"idx": "45", "output": "FALSE"}
{"idx": "46", "output": "FALSE"}
{"idx": "47", "output": "TRUE"}
{"idx": "48", "output": "FALSE"}
{"idx": "49", "output": "FALSE"}
{"idx": "50", "output": "FALSE"}
{"idx": "51", "output": "TRUE"}
{"idx": "52", "output": "TRUE"}
{"idx": "53", "output": "TRUE"}
{"idx": "54", "output": "FALSE"}
{"idx": "55", "output": "FALSE"}
{"idx": "56", "output": "FALSE"}
{"idx": "57", "output": "FALSE"}
{"idx": "58", "output": "TRUE"}
{"idx": "59", "output": "FALSE"}
{"idx": "60", "output": "TRUE"}
{"idx": "61", "output": "TRUE"}
{"idx": "62", "output": "FALSE"}
{"idx": "63", "output": "FALSE"}
{"idx": "64", "output": "FALSE"}
{"idx": "65", "output": "FALSE"}
{"idx": "66", "output": "FALSE"}
{"idx": "67", "output": "FALSE"}
{"idx": "68", "output": "TRUE"}
{"idx": "69", "output": "FALSE"}
{"idx": "70", "output": "FALSE"}
{"idx": "71", "output": "FALSE"}
{"idx": "72", "output": "TRUE"}
{"idx": "73", "output": "FALSE"}
{"idx": "74", "output": "FALSE"}
{"idx": "75", "output": "TRUE"}
{"idx": "76", "output": "FALSE"}
{"idx": "77", "output": "FALSE"}
{"idx": "78", "output": "FALSE"}
{"idx": "79", "output": "TRUE"}
{"idx": "80", "output": "FALSE"}
{"idx": "81", "output": "FALSE"}
{"idx": "82", "output": "TRUE"}
{"idx": "83", "output": "TRUE"}
{"idx": "84", "output": "FALSE"}
{"idx": "85", "output": "FALSE"}
{"idx": "86", "output": "FALSE"}
{"idx": "87", "output": "TRUE"}
{"idx": "88", "output": "FALSE"}
{"idx": "89", "output": "FALSE"}
{"idx": "90", "output": "TRUE"}
{"idx": "91", "output": "FALSE"}
{"idx": "92", "output": "FALSE"}
{"idx": "93", "output": "FALSE"}
{"idx": "94", "output": "FALSE"}
{"idx": "95", "output": "FALSE"}
{"idx": "96", "output": "FALSE"}
{"idx": "97", "output": "FALSE"}